// Jest Snapshot v1, https://goo.gl/fbAQLP

exports[`Tests ToDoList should show correctly 1`] = `
<ul
  className="list-group list-group-flush"
>
  <ToDoListItem
    handlerDelete={[MockFunction]}
    handlerToggle={[MockFunction]}
    i={0}
    key="1"
    toDO={
      Object {
        "desc": "react",
        "done": false,
        "id": 1,
      }
    }
  />
  <ToDoListItem
    handlerDelete={[MockFunction]}
    handlerToggle={[MockFunction]}
    i={1}
    key="2"
    toDO={
      Object {
        "desc": "mongo",
        "done": false,
        "id": 2,
      }
    }
  />
</ul>
`;
