// Jest Snapshot v1, https://goo.gl/fbAQLP

exports[`tests on <TooDoApp /> should show correctly 1`] = `
<div>
  <h1>
    ToDoApp (
    0
    )
  </h1>
  <hr />
  <div
    className="row"
  >
    <div
      className="col-7"
    >
      <ToDoList
        handlerDelete={[Function]}
        handlerToggle={[Function]}
        toDos={Array []}
      />
    </div>
    <div
      className="col-5"
    >
      <ToDoAdd
        todoAdd={[Function]}
      />
    </div>
  </div>
</div>
`;
